Archive member included because of file (symbol)

/home/sudheep/pebble-dev/PebbleSDK-2.0-BETA2/Pebble/lib/libpebble.a(tmpIDurlFpebble.o)
                              src/watch_1.c.29.o (app_event_loop)
/home/sudheep/pebble-dev/PebbleSDK-2.0-BETA2/arm-cs-tools/bin/../lib/gcc/arm-none-eabi/4.7.2/thumb2/libgcc.a(_arm_addsubsf3.o)
                              src/watch_1.c.29.o (__aeabi_i2f)
/home/sudheep/pebble-dev/PebbleSDK-2.0-BETA2/arm-cs-tools/bin/../lib/gcc/arm-none-eabi/4.7.2/thumb2/libgcc.a(_arm_cmpsf2.o)
                              src/watch_1.c.29.o (__aeabi_fcmple)

Allocating common symbols
Common symbol       size              file

line_layer1         0x4               src/watch_1.c.29.o
text_mldate_layer   0x4               src/watch_1.c.29.o
text_time_layer     0x4               src/watch_1.c.29.o
text_date_layer     0x4               src/watch_1.c.29.o
text_week_layer     0x4               src/watch_1.c.29.o
window              0x4               src/watch_1.c.29.o
line_layer          0x4               src/watch_1.c.29.o

Discarded input sections

 .text          0x0000000000000000        0x0 /home/sudheep/pebble-dev/PebbleSDK-2.0-BETA2/arm-cs-tools/bin/../lib/gcc/arm-none-eabi/4.7.2/thumb2/crti.o
 .bss           0x0000000000000000        0x0 /home/sudheep/pebble-dev/PebbleSDK-2.0-BETA2/arm-cs-tools/bin/../lib/gcc/arm-none-eabi/4.7.2/thumb2/crti.o
 .init          0x0000000000000000        0x4 /home/sudheep/pebble-dev/PebbleSDK-2.0-BETA2/arm-cs-tools/bin/../lib/gcc/arm-none-eabi/4.7.2/thumb2/crti.o
 .fini          0x0000000000000000        0x4 /home/sudheep/pebble-dev/PebbleSDK-2.0-BETA2/arm-cs-tools/bin/../lib/gcc/arm-none-eabi/4.7.2/thumb2/crti.o
 .text          0x0000000000000000       0xc8 /home/sudheep/pebble-dev/PebbleSDK-2.0-BETA2/arm-cs-tools/bin/../lib/gcc/arm-none-eabi/4.7.2/thumb2/crtbegin.o
 .bss           0x0000000000000000       0x1c /home/sudheep/pebble-dev/PebbleSDK-2.0-BETA2/arm-cs-tools/bin/../lib/gcc/arm-none-eabi/4.7.2/thumb2/crtbegin.o
 .init_array    0x0000000000000000        0x4 /home/sudheep/pebble-dev/PebbleSDK-2.0-BETA2/arm-cs-tools/bin/../lib/gcc/arm-none-eabi/4.7.2/thumb2/crtbegin.o
 .fini_array    0x0000000000000000        0x4 /home/sudheep/pebble-dev/PebbleSDK-2.0-BETA2/arm-cs-tools/bin/../lib/gcc/arm-none-eabi/4.7.2/thumb2/crtbegin.o
 .eh_frame      0x0000000000000000        0x0 /home/sudheep/pebble-dev/PebbleSDK-2.0-BETA2/arm-cs-tools/bin/../lib/gcc/arm-none-eabi/4.7.2/thumb2/crtbegin.o
 .jcr           0x0000000000000000        0x0 /home/sudheep/pebble-dev/PebbleSDK-2.0-BETA2/arm-cs-tools/bin/../lib/gcc/arm-none-eabi/4.7.2/thumb2/crtbegin.o
 .tm_clone_table
                0x0000000000000000        0x0 /home/sudheep/pebble-dev/PebbleSDK-2.0-BETA2/arm-cs-tools/bin/../lib/gcc/arm-none-eabi/4.7.2/thumb2/crtbegin.o
 .text          0x0000000000000000        0x0 src/watch_1.c.29.o
 .bss           0x0000000000000000        0x0 src/watch_1.c.29.o
 .text.handle_deinit
                0x0000000000000000        0x4 src/watch_1.c.29.o
 .text          0x0000000000000000        0x0 appinfo.auto.c.29.o
 .bss           0x0000000000000000        0x0 appinfo.auto.c.29.o
 .bss           0x0000000000000000        0x0 /home/sudheep/pebble-dev/PebbleSDK-2.0-BETA2/Pebble/lib/libpebble.a(tmpIDurlFpebble.o)
 .text.accel_data_service_subscribe
                0x0000000000000000        0xc /home/sudheep/pebble-dev/PebbleSDK-2.0-BETA2/Pebble/lib/libpebble.a(tmpIDurlFpebble.o)
 .text.accel_data_service_unsubscribe
                0x0000000000000000        0xc /home/sudheep/pebble-dev/PebbleSDK-2.0-BETA2/Pebble/lib/libpebble.a(tmpIDurlFpebble.o)
 .text.accel_service_peek
                0x0000000000000000        0xc /home/sudheep/pebble-dev/PebbleSDK-2.0-BETA2/Pebble/lib/libpebble.a(tmpIDurlFpebble.o)
 .text.accel_service_set_samples_per_update
                0x0000000000000000        0xc /home/sudheep/pebble-dev/PebbleSDK-2.0-BETA2/Pebble/lib/libpebble.a(tmpIDurlFpebble.o)
 .text.accel_service_set_sampling_rate
                0x0000000000000000        0xc /home/sudheep/pebble-dev/PebbleSDK-2.0-BETA2/Pebble/lib/libpebble.a(tmpIDurlFpebble.o)
 .text.accel_tap_service_subscribe
                0x0000000000000000        0xc /home/sudheep/pebble-dev/PebbleSDK-2.0-BETA2/Pebble/lib/libpebble.a(tmpIDurlFpebble.o)
 .text.accel_tap_service_unsubscribe
                0x0000000000000000        0xc /home/sudheep/pebble-dev/PebbleSDK-2.0-BETA2/Pebble/lib/libpebble.a(tmpIDurlFpebble.o)
 .text.action_bar_layer_add_to_window
                0x0000000000000000        0xc /home/sudheep/pebble-dev/PebbleSDK-2.0-BETA2/Pebble/lib/libpebble.a(tmpIDurlFpebble.o)
 .text.action_bar_layer_clear_icon
                0x0000000000000000        0xc /home/sudheep/pebble-dev/PebbleSDK-2.0-BETA2/Pebble/lib/libpebble.a(tmpIDurlFpebble.o)
 .text.action_bar_layer_create
                0x0000000000000000        0xc /home/sudheep/pebble-dev/PebbleSDK-2.0-BETA2/Pebble/lib/libpebble.a(tmpIDurlFpebble.o)
 .text.action_bar_layer_destroy
                0x0000000000000000        0xc /home/sudheep/pebble-dev/PebbleSDK-2.0-BETA2/Pebble/lib/libpebble.a(tmpIDurlFpebble.o)
 .text.action_bar_layer_get_layer
                0x0000000000000000        0xc /home/sudheep/pebble-dev/PebbleSDK-2.0-BETA2/Pebble/lib/libpebble.a(tmpIDurlFpebble.o)
 .text.action_bar_layer_remove_from_window
                0x0000000000000000        0xc /home/sudheep/pebble-dev/PebbleSDK-2.0-BETA2/Pebble/lib/libpebble.a(tmpIDurlFpebble.o)
 .text.action_bar_layer_set_background_color
                0x0000000000000000        0xc /home/sudheep/pebble-dev/PebbleSDK-2.0-BETA2/Pebble/lib/libpebble.a(tmpIDurlFpebble.o)
 .text.action_bar_layer_set_click_config_provider
                0x0000000000000000        0xc /home/sudheep/pebble-dev/PebbleSDK-2.0-BETA2/Pebble/lib/libpebble.a(tmpIDurlFpebble.o)
 .text.action_bar_layer_set_context
                0x0000000000000000        0xc /home/sudheep/pebble-dev/PebbleSDK-2.0-BETA2/Pebble/lib/libpebble.a(tmpIDurlFpebble.o)
 .text.action_bar_layer_set_icon
                0x0000000000000000        0xc /home/sudheep/pebble-dev/PebbleSDK-2.0-BETA2/Pebble/lib/libpebble.a(tmpIDurlFpebble.o)
 .text.animation_create
                0x0000000000000000        0xc /home/sudheep/pebble-dev/PebbleSDK-2.0-BETA2/Pebble/lib/libpebble.a(tmpIDurlFpebble.o)
 .text.animation_destroy
                0x0000000000000000        0xc /home/sudheep/pebble-dev/PebbleSDK-2.0-BETA2/Pebble/lib/libpebble.a(tmpIDurlFpebble.o)
 .text.animation_get_context
                0x0000000000000000        0xc /home/sudheep/pebble-dev/PebbleSDK-2.0-BETA2/Pebble/lib/libpebble.a(tmpIDurlFpebble.o)
 .text.animation_is_scheduled
                0x0000000000000000        0xc /home/sudheep/pebble-dev/PebbleSDK-2.0-BETA2/Pebble/lib/libpebble.a(tmpIDurlFpebble.o)
 .text.animation_schedule
                0x0000000000000000        0xc /home/sudheep/pebble-dev/PebbleSDK-2.0-BETA2/Pebble/lib/libpebble.a(tmpIDurlFpebble.o)
 .text.animation_set_curve
                0x0000000000000000        0xc /home/sudheep/pebble-dev/PebbleSDK-2.0-BETA2/Pebble/lib/libpebble.a(tmpIDurlFpebble.o)
 .text.animation_set_delay
                0x0000000000000000        0xc /home/sudheep/pebble-dev/PebbleSDK-2.0-BETA2/Pebble/lib/libpebble.a(tmpIDurlFpebble.o)
 .text.animation_set_duration
                0x0000000000000000        0xc /home/sudheep/pebble-dev/PebbleSDK-2.0-BETA2/Pebble/lib/libpebble.a(tmpIDurlFpebble.o)
 .text.animation_set_handlers
                0x0000000000000000        0xc /home/sudheep/pebble-dev/PebbleSDK-2.0-BETA2/Pebble/lib/libpebble.a(tmpIDurlFpebble.o)
 .text.animation_set_implementation
                0x0000000000000000        0xc /home/sudheep/pebble-dev/PebbleSDK-2.0-BETA2/Pebble/lib/libpebble.a(tmpIDurlFpebble.o)
 .text.animation_unschedule
                0x0000000000000000        0xc /home/sudheep/pebble-dev/PebbleSDK-2.0-BETA2/Pebble/lib/libpebble.a(tmpIDurlFpebble.o)
 .text.animation_unschedule_all
                0x0000000000000000        0xc /home/sudheep/pebble-dev/PebbleSDK-2.0-BETA2/Pebble/lib/libpebble.a(tmpIDurlFpebble.o)
 .text.app_comm_get_sniff_interval
                0x0000000000000000        0xc /home/sudheep/pebble-dev/PebbleSDK-2.0-BETA2/Pebble/lib/libpebble.a(tmpIDurlFpebble.o)
 .text.app_comm_set_sniff_interval
                0x0000000000000000        0xc /home/sudheep/pebble-dev/PebbleSDK-2.0-BETA2/Pebble/lib/libpebble.a(tmpIDurlFpebble.o)
 .text.app_log  0x0000000000000000        0xc /home/sudheep/pebble-dev/PebbleSDK-2.0-BETA2/Pebble/lib/libpebble.a(tmpIDurlFpebble.o)
 .text.app_message_deregister_callbacks
                0x0000000000000000        0xc /home/sudheep/pebble-dev/PebbleSDK-2.0-BETA2/Pebble/lib/libpebble.a(tmpIDurlFpebble.o)
 .text.app_message_open
                0x0000000000000000        0xc /home/sudheep/pebble-dev/PebbleSDK-2.0-BETA2/Pebble/lib/libpebble.a(tmpIDurlFpebble.o)
 .text.app_sync_deinit
                0x0000000000000000        0xc /home/sudheep/pebble-dev/PebbleSDK-2.0-BETA2/Pebble/lib/libpebble.a(tmpIDurlFpebble.o)
 .text.app_sync_get
                0x0000000000000000        0xc /home/sudheep/pebble-dev/PebbleSDK-2.0-BETA2/Pebble/lib/libpebble.a(tmpIDurlFpebble.o)
 .text.app_sync_init
                0x0000000000000000        0xc /home/sudheep/pebble-dev/PebbleSDK-2.0-BETA2/Pebble/lib/libpebble.a(tmpIDurlFpebble.o)
 .text.app_sync_set
                0x0000000000000000        0xc /home/sudheep/pebble-dev/PebbleSDK-2.0-BETA2/Pebble/lib/libpebble.a(tmpIDurlFpebble.o)
 .text.app_timer_cancel
                0x0000000000000000        0xc /home/sudheep/pebble-dev/PebbleSDK-2.0-BETA2/Pebble/lib/libpebble.a(tmpIDurlFpebble.o)
 .text.app_timer_register
                0x0000000000000000        0xc /home/sudheep/pebble-dev/PebbleSDK-2.0-BETA2/Pebble/lib/libpebble.a(tmpIDurlFpebble.o)
 .text.app_timer_reschedule
                0x0000000000000000        0xc /home/sudheep/pebble-dev/PebbleSDK-2.0-BETA2/Pebble/lib/libpebble.a(tmpIDurlFpebble.o)
 .text.atan2_lookup
                0x0000000000000000        0xc /home/sudheep/pebble-dev/PebbleSDK-2.0-BETA2/Pebble/lib/libpebble.a(tmpIDurlFpebble.o)
 .text.atoi     0x0000000000000000        0xc /home/sudheep/pebble-dev/PebbleSDK-2.0-BETA2/Pebble/lib/libpebble.a(tmpIDurlFpebble.o)
 .text.atol     0x0000000000000000        0xc /home/sudheep/pebble-dev/PebbleSDK-2.0-BETA2/Pebble/lib/libpebble.a(tmpIDurlFpebble.o)
 .text.battery_state_service_peek
                0x0000000000000000        0xc /home/sudheep/pebble-dev/PebbleSDK-2.0-BETA2/Pebble/lib/libpebble.a(tmpIDurlFpebble.o)
 .text.battery_state_service_subscribe
                0x0000000000000000        0xc /home/sudheep/pebble-dev/PebbleSDK-2.0-BETA2/Pebble/lib/libpebble.a(tmpIDurlFpebble.o)
 .text.battery_state_service_unsubscribe
                0x0000000000000000        0xc /home/sudheep/pebble-dev/PebbleSDK-2.0-BETA2/Pebble/lib/libpebble.a(tmpIDurlFpebble.o)
 .text.bitmap_layer_destroy
                0x0000000000000000        0xc /home/sudheep/pebble-dev/PebbleSDK-2.0-BETA2/Pebble/lib/libpebble.a(tmpIDurlFpebble.o)
 .text.bitmap_layer_set_alignment
                0x0000000000000000        0xc /home/sudheep/pebble-dev/PebbleSDK-2.0-BETA2/Pebble/lib/libpebble.a(tmpIDurlFpebble.o)
 .text.bitmap_layer_set_background_color
                0x0000000000000000        0xc /home/sudheep/pebble-dev/PebbleSDK-2.0-BETA2/Pebble/lib/libpebble.a(tmpIDurlFpebble.o)
 .text.bitmap_layer_set_compositing_mode
                0x0000000000000000        0xc /home/sudheep/pebble-dev/PebbleSDK-2.0-BETA2/Pebble/lib/libpebble.a(tmpIDurlFpebble.o)
 .text.bluetooth_connection_service_peek
                0x0000000000000000        0xc /home/sudheep/pebble-dev/PebbleSDK-2.0-BETA2/Pebble/lib/libpebble.a(tmpIDurlFpebble.o)
 .text.bluetooth_connection_service_subscribe
                0x0000000000000000        0xc /home/sudheep/pebble-dev/PebbleSDK-2.0-BETA2/Pebble/lib/libpebble.a(tmpIDurlFpebble.o)
 .text.bluetooth_connection_service_unsubscribe
                0x0000000000000000        0xc /home/sudheep/pebble-dev/PebbleSDK-2.0-BETA2/Pebble/lib/libpebble.a(tmpIDurlFpebble.o)
 .text.click_number_of_clicks_counted
                0x0000000000000000        0xc /home/sudheep/pebble-dev/PebbleSDK-2.0-BETA2/Pebble/lib/libpebble.a(tmpIDurlFpebble.o)
 .text.click_recognizer_get_button_id
                0x0000000000000000        0xc /home/sudheep/pebble-dev/PebbleSDK-2.0-BETA2/Pebble/lib/libpebble.a(tmpIDurlFpebble.o)
 .text.clock_copy_time_string
                0x0000000000000000        0xc /home/sudheep/pebble-dev/PebbleSDK-2.0-BETA2/Pebble/lib/libpebble.a(tmpIDurlFpebble.o)
 .text.cos_lookup
                0x0000000000000000        0xc /home/sudheep/pebble-dev/PebbleSDK-2.0-BETA2/Pebble/lib/libpebble.a(tmpIDurlFpebble.o)
 .text.data_logging_create
                0x0000000000000000        0xc /home/sudheep/pebble-dev/PebbleSDK-2.0-BETA2/Pebble/lib/libpebble.a(tmpIDurlFpebble.o)
 .text.data_logging_finish
                0x0000000000000000        0xc /home/sudheep/pebble-dev/PebbleSDK-2.0-BETA2/Pebble/lib/libpebble.a(tmpIDurlFpebble.o)
 .text.data_logging_log
                0x0000000000000000        0xc /home/sudheep/pebble-dev/PebbleSDK-2.0-BETA2/Pebble/lib/libpebble.a(tmpIDurlFpebble.o)
 .text.dict_calc_buffer_size
                0x0000000000000000        0xc /home/sudheep/pebble-dev/PebbleSDK-2.0-BETA2/Pebble/lib/libpebble.a(tmpIDurlFpebble.o)
 .text.dict_calc_buffer_size_from_tuplets
                0x0000000000000000        0xc /home/sudheep/pebble-dev/PebbleSDK-2.0-BETA2/Pebble/lib/libpebble.a(tmpIDurlFpebble.o)
 .text.dict_find
                0x0000000000000000        0xc /home/sudheep/pebble-dev/PebbleSDK-2.0-BETA2/Pebble/lib/libpebble.a(tmpIDurlFpebble.o)
 .text.dict_merge
                0x0000000000000000        0xc /home/sudheep/pebble-dev/PebbleSDK-2.0-BETA2/Pebble/lib/libpebble.a(tmpIDurlFpebble.o)
 .text.dict_read_begin_from_buffer
                0x0000000000000000        0xc /home/sudheep/pebble-dev/PebbleSDK-2.0-BETA2/Pebble/lib/libpebble.a(tmpIDurlFpebble.o)
 .text.dict_read_first
                0x0000000000000000        0xc /home/sudheep/pebble-dev/PebbleSDK-2.0-BETA2/Pebble/lib/libpebble.a(tmpIDurlFpebble.o)
 .text.dict_read_next
                0x0000000000000000        0xc /home/sudheep/pebble-dev/PebbleSDK-2.0-BETA2/Pebble/lib/libpebble.a(tmpIDurlFpebble.o)
 .text.dict_serialize_tuplets
                0x0000000000000000        0xc /home/sudheep/pebble-dev/PebbleSDK-2.0-BETA2/Pebble/lib/libpebble.a(tmpIDurlFpebble.o)
 .text.dict_serialize_tuplets_to_buffer__deprecated
                0x0000000000000000        0xc /home/sudheep/pebble-dev/PebbleSDK-2.0-BETA2/Pebble/lib/libpebble.a(tmpIDurlFpebble.o)
 .text.dict_serialize_tuplets_to_buffer_with_iter
                0x0000000000000000        0xc /home/sudheep/pebble-dev/PebbleSDK-2.0-BETA2/Pebble/lib/libpebble.a(tmpIDurlFpebble.o)
 .text.dict_write_begin
                0x0000000000000000        0xc /home/sudheep/pebble-dev/PebbleSDK-2.0-BETA2/Pebble/lib/libpebble.a(tmpIDurlFpebble.o)
 .text.dict_write_cstring
                0x0000000000000000        0xc /home/sudheep/pebble-dev/PebbleSDK-2.0-BETA2/Pebble/lib/libpebble.a(tmpIDurlFpebble.o)
 .text.dict_write_data
                0x0000000000000000        0xc /home/sudheep/pebble-dev/PebbleSDK-2.0-BETA2/Pebble/lib/libpebble.a(tmpIDurlFpebble.o)
 .text.dict_write_end
                0x0000000000000000        0xc /home/sudheep/pebble-dev/PebbleSDK-2.0-BETA2/Pebble/lib/libpebble.a(tmpIDurlFpebble.o)
 .text.dict_write_int
                0x0000000000000000        0xc /home/sudheep/pebble-dev/PebbleSDK-2.0-BETA2/Pebble/lib/libpebble.a(tmpIDurlFpebble.o)
 .text.dict_write_int16
                0x0000000000000000        0xc /home/sudheep/pebble-dev/PebbleSDK-2.0-BETA2/Pebble/lib/libpebble.a(tmpIDurlFpebble.o)
 .text.dict_write_int32
                0x0000000000000000        0xc /home/sudheep/pebble-dev/PebbleSDK-2.0-BETA2/Pebble/lib/libpebble.a(tmpIDurlFpebble.o)
 .text.dict_write_int8
                0x0000000000000000        0xc /home/sudheep/pebble-dev/PebbleSDK-2.0-BETA2/Pebble/lib/libpebble.a(tmpIDurlFpebble.o)
 .text.dict_write_tuplet
                0x0000000000000000        0xc /home/sudheep/pebble-dev/PebbleSDK-2.0-BETA2/Pebble/lib/libpebble.a(tmpIDurlFpebble.o)
 .text.dict_write_uint16
                0x0000000000000000        0xc /home/sudheep/pebble-dev/PebbleSDK-2.0-BETA2/Pebble/lib/libpebble.a(tmpIDurlFpebble.o)
 .text.dict_write_uint32
                0x0000000000000000        0xc /home/sudheep/pebble-dev/PebbleSDK-2.0-BETA2/Pebble/lib/libpebble.a(tmpIDurlFpebble.o)
 .text.dict_write_uint8
                0x0000000000000000        0xc /home/sudheep/pebble-dev/PebbleSDK-2.0-BETA2/Pebble/lib/libpebble.a(tmpIDurlFpebble.o)
 .text.fonts_get_system_font
                0x0000000000000000        0xc /home/sudheep/pebble-dev/PebbleSDK-2.0-BETA2/Pebble/lib/libpebble.a(tmpIDurlFpebble.o)
 .text.fonts_unload_custom_font
                0x0000000000000000        0xc /home/sudheep/pebble-dev/PebbleSDK-2.0-BETA2/Pebble/lib/libpebble.a(tmpIDurlFpebble.o)
 .text.free     0x0000000000000000        0xc /home/sudheep/pebble-dev/PebbleSDK-2.0-BETA2/Pebble/lib/libpebble.a(tmpIDurlFpebble.o)
 .text.gbitmap_create_as_sub_bitmap
                0x0000000000000000        0xc /home/sudheep/pebble-dev/PebbleSDK-2.0-BETA2/Pebble/lib/libpebble.a(tmpIDurlFpebble.o)
 .text.gbitmap_create_with_data
                0x0000000000000000        0xc /home/sudheep/pebble-dev/PebbleSDK-2.0-BETA2/Pebble/lib/libpebble.a(tmpIDurlFpebble.o)
 .text.gmtime   0x0000000000000000        0xc /home/sudheep/pebble-dev/PebbleSDK-2.0-BETA2/Pebble/lib/libpebble.a(tmpIDurlFpebble.o)
 .text.gpath_create
                0x0000000000000000        0xc /home/sudheep/pebble-dev/PebbleSDK-2.0-BETA2/Pebble/lib/libpebble.a(tmpIDurlFpebble.o)
 .text.gpath_destroy
                0x0000000000000000        0xc /home/sudheep/pebble-dev/PebbleSDK-2.0-BETA2/Pebble/lib/libpebble.a(tmpIDurlFpebble.o)
 .text.gpath_draw_filled
                0x0000000000000000        0xc /home/sudheep/pebble-dev/PebbleSDK-2.0-BETA2/Pebble/lib/libpebble.a(tmpIDurlFpebble.o)
 .text.gpath_draw_outline
                0x0000000000000000        0xc /home/sudheep/pebble-dev/PebbleSDK-2.0-BETA2/Pebble/lib/libpebble.a(tmpIDurlFpebble.o)
 .text.gpath_move_to
                0x0000000000000000        0xc /home/sudheep/pebble-dev/PebbleSDK-2.0-BETA2/Pebble/lib/libpebble.a(tmpIDurlFpebble.o)
 .text.gpath_rotate_to
                0x0000000000000000        0xc /home/sudheep/pebble-dev/PebbleSDK-2.0-BETA2/Pebble/lib/libpebble.a(tmpIDurlFpebble.o)
 .text.gpoint_equal
                0x0000000000000000        0xc /home/sudheep/pebble-dev/PebbleSDK-2.0-BETA2/Pebble/lib/libpebble.a(tmpIDurlFpebble.o)
 .text.graphics_context_set_compositing_mode
                0x0000000000000000        0xc /home/sudheep/pebble-dev/PebbleSDK-2.0-BETA2/Pebble/lib/libpebble.a(tmpIDurlFpebble.o)
 .text.graphics_context_set_stroke_color
                0x0000000000000000        0xc /home/sudheep/pebble-dev/PebbleSDK-2.0-BETA2/Pebble/lib/libpebble.a(tmpIDurlFpebble.o)
 .text.graphics_context_set_text_color
                0x0000000000000000        0xc /home/sudheep/pebble-dev/PebbleSDK-2.0-BETA2/Pebble/lib/libpebble.a(tmpIDurlFpebble.o)
 .text.graphics_draw_bitmap_in_rect
                0x0000000000000000        0xc /home/sudheep/pebble-dev/PebbleSDK-2.0-BETA2/Pebble/lib/libpebble.a(tmpIDurlFpebble.o)
 .text.graphics_draw_circle
                0x0000000000000000        0xc /home/sudheep/pebble-dev/PebbleSDK-2.0-BETA2/Pebble/lib/libpebble.a(tmpIDurlFpebble.o)
 .text.graphics_draw_line
                0x0000000000000000        0xc /home/sudheep/pebble-dev/PebbleSDK-2.0-BETA2/Pebble/lib/libpebble.a(tmpIDurlFpebble.o)
 .text.graphics_draw_pixel
                0x0000000000000000        0xc /home/sudheep/pebble-dev/PebbleSDK-2.0-BETA2/Pebble/lib/libpebble.a(tmpIDurlFpebble.o)
 .text.graphics_draw_rect
                0x0000000000000000        0xc /home/sudheep/pebble-dev/PebbleSDK-2.0-BETA2/Pebble/lib/libpebble.a(tmpIDurlFpebble.o)
 .text.graphics_draw_round_rect
                0x0000000000000000        0xc /home/sudheep/pebble-dev/PebbleSDK-2.0-BETA2/Pebble/lib/libpebble.a(tmpIDurlFpebble.o)
 .text.graphics_fill_circle
                0x0000000000000000        0xc /home/sudheep/pebble-dev/PebbleSDK-2.0-BETA2/Pebble/lib/libpebble.a(tmpIDurlFpebble.o)
 .text.graphics_text_layout_get_max_used_size
                0x0000000000000000        0xc /home/sudheep/pebble-dev/PebbleSDK-2.0-BETA2/Pebble/lib/libpebble.a(tmpIDurlFpebble.o)
 .text.grect_align
                0x0000000000000000        0xc /home/sudheep/pebble-dev/PebbleSDK-2.0-BETA2/Pebble/lib/libpebble.a(tmpIDurlFpebble.o)
 .text.grect_center_point
                0x0000000000000000        0xc /home/sudheep/pebble-dev/PebbleSDK-2.0-BETA2/Pebble/lib/libpebble.a(tmpIDurlFpebble.o)
 .text.grect_clip
                0x0000000000000000        0xc /home/sudheep/pebble-dev/PebbleSDK-2.0-BETA2/Pebble/lib/libpebble.a(tmpIDurlFpebble.o)
 .text.grect_contains_point
                0x0000000000000000        0xc /home/sudheep/pebble-dev/PebbleSDK-2.0-BETA2/Pebble/lib/libpebble.a(tmpIDurlFpebble.o)
 .text.grect_crop
                0x0000000000000000        0xc /home/sudheep/pebble-dev/PebbleSDK-2.0-BETA2/Pebble/lib/libpebble.a(tmpIDurlFpebble.o)
 .text.grect_equal
                0x0000000000000000        0xc /home/sudheep/pebble-dev/PebbleSDK-2.0-BETA2/Pebble/lib/libpebble.a(tmpIDurlFpebble.o)
 .text.grect_is_empty
                0x0000000000000000        0xc /home/sudheep/pebble-dev/PebbleSDK-2.0-BETA2/Pebble/lib/libpebble.a(tmpIDurlFpebble.o)
 .text.grect_standardize
                0x0000000000000000        0xc /home/sudheep/pebble-dev/PebbleSDK-2.0-BETA2/Pebble/lib/libpebble.a(tmpIDurlFpebble.o)
 .text.gsize_equal
                0x0000000000000000        0xc /home/sudheep/pebble-dev/PebbleSDK-2.0-BETA2/Pebble/lib/libpebble.a(tmpIDurlFpebble.o)
 .text.inverter_layer_create
                0x0000000000000000        0xc /home/sudheep/pebble-dev/PebbleSDK-2.0-BETA2/Pebble/lib/libpebble.a(tmpIDurlFpebble.o)
 .text.inverter_layer_destroy
                0x0000000000000000        0xc /home/sudheep/pebble-dev/PebbleSDK-2.0-BETA2/Pebble/lib/libpebble.a(tmpIDurlFpebble.o)
 .text.inverter_layer_get_layer
                0x0000000000000000        0xc /home/sudheep/pebble-dev/PebbleSDK-2.0-BETA2/Pebble/lib/libpebble.a(tmpIDurlFpebble.o)
 .text.layer_create_with_data
                0x0000000000000000        0xc /home/sudheep/pebble-dev/PebbleSDK-2.0-BETA2/Pebble/lib/libpebble.a(tmpIDurlFpebble.o)
 .text.layer_destroy
                0x0000000000000000        0xc /home/sudheep/pebble-dev/PebbleSDK-2.0-BETA2/Pebble/lib/libpebble.a(tmpIDurlFpebble.o)
 .text.layer_get_clips
                0x0000000000000000        0xc /home/sudheep/pebble-dev/PebbleSDK-2.0-BETA2/Pebble/lib/libpebble.a(tmpIDurlFpebble.o)
 .text.layer_get_data
                0x0000000000000000        0xc /home/sudheep/pebble-dev/PebbleSDK-2.0-BETA2/Pebble/lib/libpebble.a(tmpIDurlFpebble.o)
 .text.layer_get_frame
                0x0000000000000000        0xc /home/sudheep/pebble-dev/PebbleSDK-2.0-BETA2/Pebble/lib/libpebble.a(tmpIDurlFpebble.o)
 .text.layer_get_hidden
                0x0000000000000000        0xc /home/sudheep/pebble-dev/PebbleSDK-2.0-BETA2/Pebble/lib/libpebble.a(tmpIDurlFpebble.o)
 .text.layer_get_window
                0x0000000000000000        0xc /home/sudheep/pebble-dev/PebbleSDK-2.0-BETA2/Pebble/lib/libpebble.a(tmpIDurlFpebble.o)
 .text.layer_insert_above_sibling
                0x0000000000000000        0xc /home/sudheep/pebble-dev/PebbleSDK-2.0-BETA2/Pebble/lib/libpebble.a(tmpIDurlFpebble.o)
 .text.layer_insert_below_sibling
                0x0000000000000000        0xc /home/sudheep/pebble-dev/PebbleSDK-2.0-BETA2/Pebble/lib/libpebble.a(tmpIDurlFpebble.o)
 .text.layer_mark_dirty
                0x0000000000000000        0xc /home/sudheep/pebble-dev/PebbleSDK-2.0-BETA2/Pebble/lib/libpebble.a(tmpIDurlFpebble.o)
 .text.layer_remove_child_layers
                0x0000000000000000        0xc /home/sudheep/pebble-dev/PebbleSDK-2.0-BETA2/Pebble/lib/libpebble.a(tmpIDurlFpebble.o)
 .text.layer_remove_from_parent
                0x0000000000000000        0xc /home/sudheep/pebble-dev/PebbleSDK-2.0-BETA2/Pebble/lib/libpebble.a(tmpIDurlFpebble.o)
 .text.layer_set_bounds
                0x0000000000000000        0xc /home/sudheep/pebble-dev/PebbleSDK-2.0-BETA2/Pebble/lib/libpebble.a(tmpIDurlFpebble.o)
 .text.layer_set_clips
                0x0000000000000000        0xc /home/sudheep/pebble-dev/PebbleSDK-2.0-BETA2/Pebble/lib/libpebble.a(tmpIDurlFpebble.o)
 .text.layer_set_frame
                0x0000000000000000        0xc /home/sudheep/pebble-dev/PebbleSDK-2.0-BETA2/Pebble/lib/libpebble.a(tmpIDurlFpebble.o)
 .text.layer_set_hidden
                0x0000000000000000        0xc /home/sudheep/pebble-dev/PebbleSDK-2.0-BETA2/Pebble/lib/libpebble.a(tmpIDurlFpebble.o)
 .text.light_enable
                0x0000000000000000        0xc /home/sudheep/pebble-dev/PebbleSDK-2.0-BETA2/Pebble/lib/libpebble.a(tmpIDurlFpebble.o)
 .text.light_enable_interaction
                0x0000000000000000        0xc /home/sudheep/pebble-dev/PebbleSDK-2.0-BETA2/Pebble/lib/libpebble.a(tmpIDurlFpebble.o)
 .text.malloc   0x0000000000000000        0xc /home/sudheep/pebble-dev/PebbleSDK-2.0-BETA2/Pebble/lib/libpebble.a(tmpIDurlFpebble.o)
 .text.memcpy   0x0000000000000000        0xc /home/sudheep/pebble-dev/PebbleSDK-2.0-BETA2/Pebble/lib/libpebble.a(tmpIDurlFpebble.o)
 .text.memset   0x0000000000000000        0xc /home/sudheep/pebble-dev/PebbleSDK-2.0-BETA2/Pebble/lib/libpebble.a(tmpIDurlFpebble.o)
 .text.menu_cell_basic_draw
                0x0000000000000000        0xc /home/sudheep/pebble-dev/PebbleSDK-2.0-BETA2/Pebble/lib/libpebble.a(tmpIDurlFpebble.o)
 .text.menu_cell_basic_header_draw
                0x0000000000000000        0xc /home/sudheep/pebble-dev/PebbleSDK-2.0-BETA2/Pebble/lib/libpebble.a(tmpIDurlFpebble.o)
 .text.menu_cell_title_draw
                0x0000000000000000        0xc /home/sudheep/pebble-dev/PebbleSDK-2.0-BETA2/Pebble/lib/libpebble.a(tmpIDurlFpebble.o)
 .text.menu_index_compare
                0x0000000000000000        0xc /home/sudheep/pebble-dev/PebbleSDK-2.0-BETA2/Pebble/lib/libpebble.a(tmpIDurlFpebble.o)
 .text.menu_layer_create
                0x0000000000000000        0xc /home/sudheep/pebble-dev/PebbleSDK-2.0-BETA2/Pebble/lib/libpebble.a(tmpIDurlFpebble.o)
 .text.menu_layer_destroy
                0x0000000000000000        0xc /home/sudheep/pebble-dev/PebbleSDK-2.0-BETA2/Pebble/lib/libpebble.a(tmpIDurlFpebble.o)
 .text.menu_layer_get_layer
                0x0000000000000000        0xc /home/sudheep/pebble-dev/PebbleSDK-2.0-BETA2/Pebble/lib/libpebble.a(tmpIDurlFpebble.o)
 .text.menu_layer_get_scroll_layer
                0x0000000000000000        0xc /home/sudheep/pebble-dev/PebbleSDK-2.0-BETA2/Pebble/lib/libpebble.a(tmpIDurlFpebble.o)
 .text.menu_layer_get_selected_index
                0x0000000000000000        0xc /home/sudheep/pebble-dev/PebbleSDK-2.0-BETA2/Pebble/lib/libpebble.a(tmpIDurlFpebble.o)
 .text.menu_layer_reload_data
                0x0000000000000000        0xc /home/sudheep/pebble-dev/PebbleSDK-2.0-BETA2/Pebble/lib/libpebble.a(tmpIDurlFpebble.o)
 .text.menu_layer_set_callbacks
                0x0000000000000000        0xc /home/sudheep/pebble-dev/PebbleSDK-2.0-BETA2/Pebble/lib/libpebble.a(tmpIDurlFpebble.o)
 .text.menu_layer_set_click_config_onto_window
                0x0000000000000000        0xc /home/sudheep/pebble-dev/PebbleSDK-2.0-BETA2/Pebble/lib/libpebble.a(tmpIDurlFpebble.o)
 .text.menu_layer_set_selected_index
                0x0000000000000000        0xc /home/sudheep/pebble-dev/PebbleSDK-2.0-BETA2/Pebble/lib/libpebble.a(tmpIDurlFpebble.o)
 .text.menu_layer_set_selected_next
                0x0000000000000000        0xc /home/sudheep/pebble-dev/PebbleSDK-2.0-BETA2/Pebble/lib/libpebble.a(tmpIDurlFpebble.o)
 .text.number_window_create
                0x0000000000000000        0xc /home/sudheep/pebble-dev/PebbleSDK-2.0-BETA2/Pebble/lib/libpebble.a(tmpIDurlFpebble.o)
 .text.number_window_destroy
                0x0000000000000000        0xc /home/sudheep/pebble-dev/PebbleSDK-2.0-BETA2/Pebble/lib/libpebble.a(tmpIDurlFpebble.o)
 .text.number_window_get_value
                0x0000000000000000        0xc /home/sudheep/pebble-dev/PebbleSDK-2.0-BETA2/Pebble/lib/libpebble.a(tmpIDurlFpebble.o)
 .text.number_window_set_label
                0x0000000000000000        0xc /home/sudheep/pebble-dev/PebbleSDK-2.0-BETA2/Pebble/lib/libpebble.a(tmpIDurlFpebble.o)
 .text.number_window_set_max
                0x0000000000000000        0xc /home/sudheep/pebble-dev/PebbleSDK-2.0-BETA2/Pebble/lib/libpebble.a(tmpIDurlFpebble.o)
 .text.number_window_set_min
                0x0000000000000000        0xc /home/sudheep/pebble-dev/PebbleSDK-2.0-BETA2/Pebble/lib/libpebble.a(tmpIDurlFpebble.o)
 .text.number_window_set_step_size
                0x0000000000000000        0xc /home/sudheep/pebble-dev/PebbleSDK-2.0-BETA2/Pebble/lib/libpebble.a(tmpIDurlFpebble.o)
 .text.number_window_set_value
                0x0000000000000000        0xc /home/sudheep/pebble-dev/PebbleSDK-2.0-BETA2/Pebble/lib/libpebble.a(tmpIDurlFpebble.o)
 .text.persist_delete
                0x0000000000000000        0xc /home/sudheep/pebble-dev/PebbleSDK-2.0-BETA2/Pebble/lib/libpebble.a(tmpIDurlFpebble.o)
 .text.persist_exists
                0x0000000000000000        0xc /home/sudheep/pebble-dev/PebbleSDK-2.0-BETA2/Pebble/lib/libpebble.a(tmpIDurlFpebble.o)
 .text.persist_get_size
                0x0000000000000000        0xc /home/sudheep/pebble-dev/PebbleSDK-2.0-BETA2/Pebble/lib/libpebble.a(tmpIDurlFpebble.o)
 .text.persist_read_bool
                0x0000000000000000        0xc /home/sudheep/pebble-dev/PebbleSDK-2.0-BETA2/Pebble/lib/libpebble.a(tmpIDurlFpebble.o)
 .text.persist_read_data__deprecated
                0x0000000000000000        0xc /home/sudheep/pebble-dev/PebbleSDK-2.0-BETA2/Pebble/lib/libpebble.a(tmpIDurlFpebble.o)
 .text.persist_read_int
                0x0000000000000000        0xc /home/sudheep/pebble-dev/PebbleSDK-2.0-BETA2/Pebble/lib/libpebble.a(tmpIDurlFpebble.o)
 .text.persist_read_string__deprecated
                0x0000000000000000        0xc /home/sudheep/pebble-dev/PebbleSDK-2.0-BETA2/Pebble/lib/libpebble.a(tmpIDurlFpebble.o)
 .text.persist_write_bool
                0x0000000000000000        0xc /home/sudheep/pebble-dev/PebbleSDK-2.0-BETA2/Pebble/lib/libpebble.a(tmpIDurlFpebble.o)
 .text.persist_write_data__deprecated
                0x0000000000000000        0xc /home/sudheep/pebble-dev/PebbleSDK-2.0-BETA2/Pebble/lib/libpebble.a(tmpIDurlFpebble.o)
 .text.persist_write_int
                0x0000000000000000        0xc /home/sudheep/pebble-dev/PebbleSDK-2.0-BETA2/Pebble/lib/libpebble.a(tmpIDurlFpebble.o)
 .text.persist_write_string
                0x0000000000000000        0xc /home/sudheep/pebble-dev/PebbleSDK-2.0-BETA2/Pebble/lib/libpebble.a(tmpIDurlFpebble.o)
 .text.property_animation_create
                0x0000000000000000        0xc /home/sudheep/pebble-dev/PebbleSDK-2.0-BETA2/Pebble/lib/libpebble.a(tmpIDurlFpebble.o)
 .text.property_animation_create_layer_frame
                0x0000000000000000        0xc /home/sudheep/pebble-dev/PebbleSDK-2.0-BETA2/Pebble/lib/libpebble.a(tmpIDurlFpebble.o)
 .text.property_animation_destroy
                0x0000000000000000        0xc /home/sudheep/pebble-dev/PebbleSDK-2.0-BETA2/Pebble/lib/libpebble.a(tmpIDurlFpebble.o)
 .text.property_animation_update_gpoint
                0x0000000000000000        0xc /home/sudheep/pebble-dev/PebbleSDK-2.0-BETA2/Pebble/lib/libpebble.a(tmpIDurlFpebble.o)
 .text.property_animation_update_grect
                0x0000000000000000        0xc /home/sudheep/pebble-dev/PebbleSDK-2.0-BETA2/Pebble/lib/libpebble.a(tmpIDurlFpebble.o)
 .text.property_animation_update_int16
                0x0000000000000000        0xc /home/sudheep/pebble-dev/PebbleSDK-2.0-BETA2/Pebble/lib/libpebble.a(tmpIDurlFpebble.o)
 .text.psleep   0x0000000000000000        0xc /home/sudheep/pebble-dev/PebbleSDK-2.0-BETA2/Pebble/lib/libpebble.a(tmpIDurlFpebble.o)
 .text.rand     0x0000000000000000        0xc /home/sudheep/pebble-dev/PebbleSDK-2.0-BETA2/Pebble/lib/libpebble.a(tmpIDurlFpebble.o)
 .text.resource_load
                0x0000000000000000        0xc /home/sudheep/pebble-dev/PebbleSDK-2.0-BETA2/Pebble/lib/libpebble.a(tmpIDurlFpebble.o)
 .text.resource_load_byte_range
                0x0000000000000000        0xc /home/sudheep/pebble-dev/PebbleSDK-2.0-BETA2/Pebble/lib/libpebble.a(tmpIDurlFpebble.o)
 .text.resource_size
                0x0000000000000000        0xc /home/sudheep/pebble-dev/PebbleSDK-2.0-BETA2/Pebble/lib/libpebble.a(tmpIDurlFpebble.o)
 .text.rot_bitmap_layer_create
                0x0000000000000000        0xc /home/sudheep/pebble-dev/PebbleSDK-2.0-BETA2/Pebble/lib/libpebble.a(tmpIDurlFpebble.o)
 .text.rot_bitmap_layer_destroy
                0x0000000000000000        0xc /home/sudheep/pebble-dev/PebbleSDK-2.0-BETA2/Pebble/lib/libpebble.a(tmpIDurlFpebble.o)
 .text.rot_bitmap_layer_increment_angle
                0x0000000000000000        0xc /home/sudheep/pebble-dev/PebbleSDK-2.0-BETA2/Pebble/lib/libpebble.a(tmpIDurlFpebble.o)
 .text.rot_bitmap_layer_set_angle
                0x0000000000000000        0xc /home/sudheep/pebble-dev/PebbleSDK-2.0-BETA2/Pebble/lib/libpebble.a(tmpIDurlFpebble.o)
 .text.rot_bitmap_layer_set_corner_clip_color
                0x0000000000000000        0xc /home/sudheep/pebble-dev/PebbleSDK-2.0-BETA2/Pebble/lib/libpebble.a(tmpIDurlFpebble.o)
 .text.rot_bitmap_set_compositing_mode
                0x0000000000000000        0xc /home/sudheep/pebble-dev/PebbleSDK-2.0-BETA2/Pebble/lib/libpebble.a(tmpIDurlFpebble.o)
 .text.rot_bitmap_set_src_ic
                0x0000000000000000        0xc /home/sudheep/pebble-dev/PebbleSDK-2.0-BETA2/Pebble/lib/libpebble.a(tmpIDurlFpebble.o)
 .text.scroll_layer_add_child
                0x0000000000000000        0xc /home/sudheep/pebble-dev/PebbleSDK-2.0-BETA2/Pebble/lib/libpebble.a(tmpIDurlFpebble.o)
 .text.scroll_layer_create
                0x0000000000000000        0xc /home/sudheep/pebble-dev/PebbleSDK-2.0-BETA2/Pebble/lib/libpebble.a(tmpIDurlFpebble.o)
 .text.scroll_layer_destroy
                0x0000000000000000        0xc /home/sudheep/pebble-dev/PebbleSDK-2.0-BETA2/Pebble/lib/libpebble.a(tmpIDurlFpebble.o)
 .text.scroll_layer_get_content_offset
                0x0000000000000000        0xc /home/sudheep/pebble-dev/PebbleSDK-2.0-BETA2/Pebble/lib/libpebble.a(tmpIDurlFpebble.o)
 .text.scroll_layer_get_content_size
                0x0000000000000000        0xc /home/sudheep/pebble-dev/PebbleSDK-2.0-BETA2/Pebble/lib/libpebble.a(tmpIDurlFpebble.o)
 .text.scroll_layer_get_layer
                0x0000000000000000        0xc /home/sudheep/pebble-dev/PebbleSDK-2.0-BETA2/Pebble/lib/libpebble.a(tmpIDurlFpebble.o)
 .text.scroll_layer_get_shadow_hidden
                0x0000000000000000        0xc /home/sudheep/pebble-dev/PebbleSDK-2.0-BETA2/Pebble/lib/libpebble.a(tmpIDurlFpebble.o)
 .text.scroll_layer_scroll_down_click_handler
                0x0000000000000000        0xc /home/sudheep/pebble-dev/PebbleSDK-2.0-BETA2/Pebble/lib/libpebble.a(tmpIDurlFpebble.o)
 .text.scroll_layer_scroll_up_click_handler
                0x0000000000000000        0xc /home/sudheep/pebble-dev/PebbleSDK-2.0-BETA2/Pebble/lib/libpebble.a(tmpIDurlFpebble.o)
 .text.scroll_layer_set_callbacks
                0x0000000000000000        0xc /home/sudheep/pebble-dev/PebbleSDK-2.0-BETA2/Pebble/lib/libpebble.a(tmpIDurlFpebble.o)
 .text.scroll_layer_set_click_config_onto_window
                0x0000000000000000        0xc /home/sudheep/pebble-dev/PebbleSDK-2.0-BETA2/Pebble/lib/libpebble.a(tmpIDurlFpebble.o)
 .text.scroll_layer_set_content_offset
                0x0000000000000000        0xc /home/sudheep/pebble-dev/PebbleSDK-2.0-BETA2/Pebble/lib/libpebble.a(tmpIDurlFpebble.o)
 .text.scroll_layer_set_content_size
                0x0000000000000000        0xc /home/sudheep/pebble-dev/PebbleSDK-2.0-BETA2/Pebble/lib/libpebble.a(tmpIDurlFpebble.o)
 .text.scroll_layer_set_context
                0x0000000000000000        0xc /home/sudheep/pebble-dev/PebbleSDK-2.0-BETA2/Pebble/lib/libpebble.a(tmpIDurlFpebble.o)
 .text.scroll_layer_set_frame
                0x0000000000000000        0xc /home/sudheep/pebble-dev/PebbleSDK-2.0-BETA2/Pebble/lib/libpebble.a(tmpIDurlFpebble.o)
 .text.scroll_layer_set_shadow_hidden
                0x0000000000000000        0xc /home/sudheep/pebble-dev/PebbleSDK-2.0-BETA2/Pebble/lib/libpebble.a(tmpIDurlFpebble.o)
 .text.simple_menu_layer_create
                0x0000000000000000        0xc /home/sudheep/pebble-dev/PebbleSDK-2.0-BETA2/Pebble/lib/libpebble.a(tmpIDurlFpebble.o)
 .text.simple_menu_layer_destroy
                0x0000000000000000        0xc /home/sudheep/pebble-dev/PebbleSDK-2.0-BETA2/Pebble/lib/libpebble.a(tmpIDurlFpebble.o)
 .text.simple_menu_layer_get_layer
                0x0000000000000000        0xc /home/sudheep/pebble-dev/PebbleSDK-2.0-BETA2/Pebble/lib/libpebble.a(tmpIDurlFpebble.o)
 .text.simple_menu_layer_get_selected_index
                0x0000000000000000        0xc /home/sudheep/pebble-dev/PebbleSDK-2.0-BETA2/Pebble/lib/libpebble.a(tmpIDurlFpebble.o)
 .text.simple_menu_layer_set_selected_index
                0x0000000000000000        0xc /home/sudheep/pebble-dev/PebbleSDK-2.0-BETA2/Pebble/lib/libpebble.a(tmpIDurlFpebble.o)
 .text.sin_lookup
                0x0000000000000000        0xc /home/sudheep/pebble-dev/PebbleSDK-2.0-BETA2/Pebble/lib/libpebble.a(tmpIDurlFpebble.o)
 .text.srand    0x0000000000000000        0xc /home/sudheep/pebble-dev/PebbleSDK-2.0-BETA2/Pebble/lib/libpebble.a(tmpIDurlFpebble.o)
 .text.strcat   0x0000000000000000        0xc /home/sudheep/pebble-dev/PebbleSDK-2.0-BETA2/Pebble/lib/libpebble.a(tmpIDurlFpebble.o)
 .text.strcmp   0x0000000000000000        0xc /home/sudheep/pebble-dev/PebbleSDK-2.0-BETA2/Pebble/lib/libpebble.a(tmpIDurlFpebble.o)
 .text.strcpy   0x0000000000000000        0xc /home/sudheep/pebble-dev/PebbleSDK-2.0-BETA2/Pebble/lib/libpebble.a(tmpIDurlFpebble.o)
 .text.strlen   0x0000000000000000        0xc /home/sudheep/pebble-dev/PebbleSDK-2.0-BETA2/Pebble/lib/libpebble.a(tmpIDurlFpebble.o)
 .text.strncat  0x0000000000000000        0xc /home/sudheep/pebble-dev/PebbleSDK-2.0-BETA2/Pebble/lib/libpebble.a(tmpIDurlFpebble.o)
 .text.strncmp  0x0000000000000000        0xc /home/sudheep/pebble-dev/PebbleSDK-2.0-BETA2/Pebble/lib/libpebble.a(tmpIDurlFpebble.o)
 .text.strncpy  0x0000000000000000        0xc /home/sudheep/pebble-dev/PebbleSDK-2.0-BETA2/Pebble/lib/libpebble.a(tmpIDurlFpebble.o)
 .text.text_layer_destroy
                0x0000000000000000        0xc /home/sudheep/pebble-dev/PebbleSDK-2.0-BETA2/Pebble/lib/libpebble.a(tmpIDurlFpebble.o)
 .text.text_layer_get_content_size
                0x0000000000000000        0xc /home/sudheep/pebble-dev/PebbleSDK-2.0-BETA2/Pebble/lib/libpebble.a(tmpIDurlFpebble.o)
 .text.text_layer_get_text
                0x0000000000000000        0xc /home/sudheep/pebble-dev/PebbleSDK-2.0-BETA2/Pebble/lib/libpebble.a(tmpIDurlFpebble.o)
 .text.text_layer_set_overflow_mode
                0x0000000000000000        0xc /home/sudheep/pebble-dev/PebbleSDK-2.0-BETA2/Pebble/lib/libpebble.a(tmpIDurlFpebble.o)
 .text.text_layer_set_size
                0x0000000000000000        0xc /home/sudheep/pebble-dev/PebbleSDK-2.0-BETA2/Pebble/lib/libpebble.a(tmpIDurlFpebble.o)
 .text.text_layer_set_text_alignment
                0x0000000000000000        0xc /home/sudheep/pebble-dev/PebbleSDK-2.0-BETA2/Pebble/lib/libpebble.a(tmpIDurlFpebble.o)
 .text.tick_timer_service_init
                0x0000000000000000        0xc /home/sudheep/pebble-dev/PebbleSDK-2.0-BETA2/Pebble/lib/libpebble.a(tmpIDurlFpebble.o)
 .text.time_ms  0x0000000000000000        0xc /home/sudheep/pebble-dev/PebbleSDK-2.0-BETA2/Pebble/lib/libpebble.a(tmpIDurlFpebble.o)
 .text.vibes_cancel
                0x0000000000000000        0xc /home/sudheep/pebble-dev/PebbleSDK-2.0-BETA2/Pebble/lib/libpebble.a(tmpIDurlFpebble.o)
 .text.vibes_double_pulse
                0x0000000000000000        0xc /home/sudheep/pebble-dev/PebbleSDK-2.0-BETA2/Pebble/lib/libpebble.a(tmpIDurlFpebble.o)
 .text.vibes_enqueue_custom_pattern
                0x0000000000000000        0xc /home/sudheep/pebble-dev/PebbleSDK-2.0-BETA2/Pebble/lib/libpebble.a(tmpIDurlFpebble.o)
 .text.vibes_long_pulse
                0x0000000000000000        0xc /home/sudheep/pebble-dev/PebbleSDK-2.0-BETA2/Pebble/lib/libpebble.a(tmpIDurlFpebble.o)
 .text.vibes_short_pulse
                0x0000000000000000        0xc /home/sudheep/pebble-dev/PebbleSDK-2.0-BETA2/Pebble/lib/libpebble.a(tmpIDurlFpebble.o)
 .text.window_destroy
                0x0000000000000000        0xc /home/sudheep/pebble-dev/PebbleSDK-2.0-BETA2/Pebble/lib/libpebble.a(tmpIDurlFpebble.o)
 .text.window_get_click_config_provider
                0x0000000000000000        0xc /home/sudheep/pebble-dev/PebbleSDK-2.0-BETA2/Pebble/lib/libpebble.a(tmpIDurlFpebble.o)
 .text.window_get_fullscreen
                0x0000000000000000        0xc /home/sudheep/pebble-dev/PebbleSDK-2.0-BETA2/Pebble/lib/libpebble.a(tmpIDurlFpebble.o)
 .text.window_is_loaded
                0x0000000000000000        0xc /home/sudheep/pebble-dev/PebbleSDK-2.0-BETA2/Pebble/lib/libpebble.a(tmpIDurlFpebble.o)
 .text.window_set_click_config_provider
                0x0000000000000000        0xc /home/sudheep/pebble-dev/PebbleSDK-2.0-BETA2/Pebble/lib/libpebble.a(tmpIDurlFpebble.o)
 .text.window_set_click_config_provider_with_context
                0x0000000000000000        0xc /home/sudheep/pebble-dev/PebbleSDK-2.0-BETA2/Pebble/lib/libpebble.a(tmpIDurlFpebble.o)
 .text.window_set_fullscreen
                0x0000000000000000        0xc /home/sudheep/pebble-dev/PebbleSDK-2.0-BETA2/Pebble/lib/libpebble.a(tmpIDurlFpebble.o)
 .text.window_set_status_bar_icon
                0x0000000000000000        0xc /home/sudheep/pebble-dev/PebbleSDK-2.0-BETA2/Pebble/lib/libpebble.a(tmpIDurlFpebble.o)
 .text.window_set_window_handlers
                0x0000000000000000        0xc /home/sudheep/pebble-dev/PebbleSDK-2.0-BETA2/Pebble/lib/libpebble.a(tmpIDurlFpebble.o)
 .text.window_stack_contains_window
                0x0000000000000000        0xc /home/sudheep/pebble-dev/PebbleSDK-2.0-BETA2/Pebble/lib/libpebble.a(tmpIDurlFpebble.o)
 .text.window_stack_get_top_window
                0x0000000000000000        0xc /home/sudheep/pebble-dev/PebbleSDK-2.0-BETA2/Pebble/lib/libpebble.a(tmpIDurlFpebble.o)
 .text.window_stack_pop
                0x0000000000000000        0xc /home/sudheep/pebble-dev/PebbleSDK-2.0-BETA2/Pebble/lib/libpebble.a(tmpIDurlFpebble.o)
 .text.window_stack_pop_all
                0x0000000000000000        0xc /home/sudheep/pebble-dev/PebbleSDK-2.0-BETA2/Pebble/lib/libpebble.a(tmpIDurlFpebble.o)
 .text.window_stack_remove
                0x0000000000000000        0xc /home/sudheep/pebble-dev/PebbleSDK-2.0-BETA2/Pebble/lib/libpebble.a(tmpIDurlFpebble.o)
 .text.app_focus_service_subscribe
                0x0000000000000000        0xc /home/sudheep/pebble-dev/PebbleSDK-2.0-BETA2/Pebble/lib/libpebble.a(tmpIDurlFpebble.o)
 .text.app_focus_service_unsubscribe
                0x0000000000000000        0xc /home/sudheep/pebble-dev/PebbleSDK-2.0-BETA2/Pebble/lib/libpebble.a(tmpIDurlFpebble.o)
 .text.window_get_user_data
                0x0000000000000000        0xc /home/sudheep/pebble-dev/PebbleSDK-2.0-BETA2/Pebble/lib/libpebble.a(tmpIDurlFpebble.o)
 .text.window_set_user_data
                0x0000000000000000        0xc /home/sudheep/pebble-dev/PebbleSDK-2.0-BETA2/Pebble/lib/libpebble.a(tmpIDurlFpebble.o)
 .text.app_message_get_context
                0x0000000000000000        0xc /home/sudheep/pebble-dev/PebbleSDK-2.0-BETA2/Pebble/lib/libpebble.a(tmpIDurlFpebble.o)
 .text.app_message_inbox_size_maximum
                0x0000000000000000        0xc /home/sudheep/pebble-dev/PebbleSDK-2.0-BETA2/Pebble/lib/libpebble.a(tmpIDurlFpebble.o)
 .text.app_message_outbox_begin
                0x0000000000000000        0xc /home/sudheep/pebble-dev/PebbleSDK-2.0-BETA2/Pebble/lib/libpebble.a(tmpIDurlFpebble.o)
 .text.app_message_outbox_send
                0x0000000000000000        0xc /home/sudheep/pebble-dev/PebbleSDK-2.0-BETA2/Pebble/lib/libpebble.a(tmpIDurlFpebble.o)
 .text.app_message_outbox_size_maximum
                0x0000000000000000        0xc /home/sudheep/pebble-dev/PebbleSDK-2.0-BETA2/Pebble/lib/libpebble.a(tmpIDurlFpebble.o)
 .text.app_message_register_inbox_dropped
                0x0000000000000000        0xc /home/sudheep/pebble-dev/PebbleSDK-2.0-BETA2/Pebble/lib/libpebble.a(tmpIDurlFpebble.o)
 .text.app_message_register_inbox_received
                0x0000000000000000        0xc /home/sudheep/pebble-dev/PebbleSDK-2.0-BETA2/Pebble/lib/libpebble.a(tmpIDurlFpebble.o)
 .text.app_message_register_outbox_failed
                0x0000000000000000        0xc /home/sudheep/pebble-dev/PebbleSDK-2.0-BETA2/Pebble/lib/libpebble.a(tmpIDurlFpebble.o)
 .text.app_message_register_outbox_sent
                0x0000000000000000        0xc /home/sudheep/pebble-dev/PebbleSDK-2.0-BETA2/Pebble/lib/libpebble.a(tmpIDurlFpebble.o)
 .text.app_message_set_context
                0x0000000000000000        0xc /home/sudheep/pebble-dev/PebbleSDK-2.0-BETA2/Pebble/lib/libpebble.a(tmpIDurlFpebble.o)
 .text.window_long_click_subscribe
                0x0000000000000000        0xc /home/sudheep/pebble-dev/PebbleSDK-2.0-BETA2/Pebble/lib/libpebble.a(tmpIDurlFpebble.o)
 .text.window_multi_click_subscribe
                0x0000000000000000        0xc /home/sudheep/pebble-dev/PebbleSDK-2.0-BETA2/Pebble/lib/libpebble.a(tmpIDurlFpebble.o)
 .text.window_raw_click_subscribe
                0x0000000000000000        0xc /home/sudheep/pebble-dev/PebbleSDK-2.0-BETA2/Pebble/lib/libpebble.a(tmpIDurlFpebble.o)
 .text.window_set_click_context
                0x0000000000000000        0xc /home/sudheep/pebble-dev/PebbleSDK-2.0-BETA2/Pebble/lib/libpebble.a(tmpIDurlFpebble.o)
 .text.window_single_click_subscribe
                0x0000000000000000        0xc /home/sudheep/pebble-dev/PebbleSDK-2.0-BETA2/Pebble/lib/libpebble.a(tmpIDurlFpebble.o)
 .text.window_single_repeating_click_subscribe
                0x0000000000000000        0xc /home/sudheep/pebble-dev/PebbleSDK-2.0-BETA2/Pebble/lib/libpebble.a(tmpIDurlFpebble.o)
 .text.graphics_draw_text
                0x0000000000000000        0xc /home/sudheep/pebble-dev/PebbleSDK-2.0-BETA2/Pebble/lib/libpebble.a(tmpIDurlFpebble.o)
 .text.dict_serialize_tuplets_to_buffer
                0x0000000000000000        0xc /home/sudheep/pebble-dev/PebbleSDK-2.0-BETA2/Pebble/lib/libpebble.a(tmpIDurlFpebble.o)
 .text.persist_read_data
                0x0000000000000000        0xc /home/sudheep/pebble-dev/PebbleSDK-2.0-BETA2/Pebble/lib/libpebble.a(tmpIDurlFpebble.o)
 .text.persist_read_string
                0x0000000000000000        0xc /home/sudheep/pebble-dev/PebbleSDK-2.0-BETA2/Pebble/lib/libpebble.a(tmpIDurlFpebble.o)
 .text.persist_write_data
                0x0000000000000000        0xc /home/sudheep/pebble-dev/PebbleSDK-2.0-BETA2/Pebble/lib/libpebble.a(tmpIDurlFpebble.o)
 .bss           0x0000000000000000        0x0 /home/sudheep/pebble-dev/PebbleSDK-2.0-BETA2/arm-cs-tools/bin/../lib/gcc/arm-none-eabi/4.7.2/thumb2/libgcc.a(_arm_addsubsf3.o)
 .bss           0x0000000000000000        0x0 /home/sudheep/pebble-dev/PebbleSDK-2.0-BETA2/arm-cs-tools/bin/../lib/gcc/arm-none-eabi/4.7.2/thumb2/libgcc.a(_arm_cmpsf2.o)
 .text          0x0000000000000000        0x0 /home/sudheep/pebble-dev/PebbleSDK-2.0-BETA2/arm-cs-tools/bin/../lib/gcc/arm-none-eabi/4.7.2/thumb2/crtend.o
 .bss           0x0000000000000000        0x0 /home/sudheep/pebble-dev/PebbleSDK-2.0-BETA2/arm-cs-tools/bin/../lib/gcc/arm-none-eabi/4.7.2/thumb2/crtend.o
 .eh_frame      0x0000000000000000        0x4 /home/sudheep/pebble-dev/PebbleSDK-2.0-BETA2/arm-cs-tools/bin/../lib/gcc/arm-none-eabi/4.7.2/thumb2/crtend.o
 .jcr           0x0000000000000000        0x4 /home/sudheep/pebble-dev/PebbleSDK-2.0-BETA2/arm-cs-tools/bin/../lib/gcc/arm-none-eabi/4.7.2/thumb2/crtend.o
 .tm_clone_table
                0x0000000000000000        0x0 /home/sudheep/pebble-dev/PebbleSDK-2.0-BETA2/arm-cs-tools/bin/../lib/gcc/arm-none-eabi/4.7.2/thumb2/crtend.o
 .text          0x0000000000000000        0x0 /home/sudheep/pebble-dev/PebbleSDK-2.0-BETA2/arm-cs-tools/bin/../lib/gcc/arm-none-eabi/4.7.2/thumb2/crtn.o
 .bss           0x0000000000000000        0x0 /home/sudheep/pebble-dev/PebbleSDK-2.0-BETA2/arm-cs-tools/bin/../lib/gcc/arm-none-eabi/4.7.2/thumb2/crtn.o
 .init          0x0000000000000000        0x8 /home/sudheep/pebble-dev/PebbleSDK-2.0-BETA2/arm-cs-tools/bin/../lib/gcc/arm-none-eabi/4.7.2/thumb2/crtn.o
 .fini          0x0000000000000000        0x8 /home/sudheep/pebble-dev/PebbleSDK-2.0-BETA2/arm-cs-tools/bin/../lib/gcc/arm-none-eabi/4.7.2/thumb2/crtn.o

Memory Configuration

Name             Origin             Length             Attributes
APP              0x0000000000000000 0x0000000000006000 xrw
*default*        0x0000000000000000 0xffffffffffffffff

Linker script and memory map

LOAD /home/sudheep/pebble-dev/PebbleSDK-2.0-BETA2/arm-cs-tools/bin/../lib/gcc/arm-none-eabi/4.7.2/thumb2/crti.o
LOAD /home/sudheep/pebble-dev/PebbleSDK-2.0-BETA2/arm-cs-tools/bin/../lib/gcc/arm-none-eabi/4.7.2/thumb2/crtbegin.o
LOAD src/watch_1.c.29.o
LOAD appinfo.auto.c.29.o
LOAD /home/sudheep/pebble-dev/PebbleSDK-2.0-BETA2/Pebble/lib/libpebble.a
START GROUP
LOAD /home/sudheep/pebble-dev/PebbleSDK-2.0-BETA2/arm-cs-tools/bin/../lib/gcc/arm-none-eabi/4.7.2/thumb2/libgcc.a
LOAD /home/sudheep/pebble-dev/PebbleSDK-2.0-BETA2/arm-cs-tools/bin/../lib/gcc/arm-none-eabi/4.7.2/../../../../arm-none-eabi/lib/thumb2/libc.a
END GROUP
LOAD /home/sudheep/pebble-dev/PebbleSDK-2.0-BETA2/arm-cs-tools/bin/../lib/gcc/arm-none-eabi/4.7.2/thumb2/crtend.o
LOAD /home/sudheep/pebble-dev/PebbleSDK-2.0-BETA2/arm-cs-tools/bin/../lib/gcc/arm-none-eabi/4.7.2/thumb2/crtn.o

.header         0x0000000000000000       0x82
 *(.pbl_header)
 .pbl_header    0x0000000000000000       0x82 appinfo.auto.c.29.o
                0x0000000000000000                __pbl_app_info

.text           0x0000000000000084      0x98c
 *(.text)
 .text          0x0000000000000084       0x14 /home/sudheep/pebble-dev/PebbleSDK-2.0-BETA2/Pebble/lib/libpebble.a(tmpIDurlFpebble.o)
 .text          0x0000000000000098      0x21c /home/sudheep/pebble-dev/PebbleSDK-2.0-BETA2/arm-cs-tools/bin/../lib/gcc/arm-none-eabi/4.7.2/thumb2/libgcc.a(_arm_addsubsf3.o)
                0x0000000000000098                __aeabi_frsub
                0x00000000000000a0                __subsf3
                0x00000000000000a0                __aeabi_fsub
                0x00000000000000a4                __aeabi_fadd
                0x00000000000000a4                __addsf3
                0x0000000000000204                __aeabi_ui2f
                0x0000000000000204                __floatunsisf
                0x000000000000020c                __aeabi_i2f
                0x000000000000020c                __floatsisf
                0x0000000000000228                __floatundisf
                0x0000000000000228                __aeabi_ul2f
                0x0000000000000238                __floatdisf
                0x0000000000000238                __aeabi_l2f
 .text          0x00000000000002b4       0xec /home/sudheep/pebble-dev/PebbleSDK-2.0-BETA2/arm-cs-tools/bin/../lib/gcc/arm-none-eabi/4.7.2/thumb2/libgcc.a(_arm_cmpsf2.o)
                0x00000000000002b4                __gtsf2
                0x00000000000002b4                __gesf2
                0x00000000000002bc                __lesf2
                0x00000000000002bc                __ltsf2
                0x00000000000002c4                __nesf2
                0x00000000000002c4                __eqsf2
                0x00000000000002c4                __cmpsf2
                0x0000000000000324                __aeabi_cfrcmple
                0x000000000000032c                __aeabi_cfcmple
                0x000000000000032c                __aeabi_cfcmpeq
                0x000000000000033c                __aeabi_fcmpeq
                0x0000000000000350                __aeabi_fcmplt
                0x0000000000000364                __aeabi_fcmple
                0x0000000000000378                __aeabi_fcmpge
                0x000000000000038c                __aeabi_fcmpgt
 *(.text.*)
 .text.handle_minute_tick
                0x00000000000003a0      0x1dc src/watch_1.c.29.o
                0x00000000000003a0                handle_minute_tick
 .text.line_layer_update_callback
                0x000000000000057c       0x28 src/watch_1.c.29.o
                0x000000000000057c                line_layer_update_callback
 .text.handle_init
                0x00000000000005a4      0x22c src/watch_1.c.29.o
                0x00000000000005a4                handle_init
 .text.startup.main
                0x00000000000007d0       0x12 src/watch_1.c.29.o
                0x00000000000007d0                main
 *fill*         0x00000000000007e2        0x2 
 .text.app_event_loop
                0x00000000000007e4        0xc /home/sudheep/pebble-dev/PebbleSDK-2.0-BETA2/Pebble/lib/libpebble.a(tmpIDurlFpebble.o)
                0x00000000000007e4                app_event_loop
 .text.bitmap_layer_create
                0x00000000000007f0        0xc /home/sudheep/pebble-dev/PebbleSDK-2.0-BETA2/Pebble/lib/libpebble.a(tmpIDurlFpebble.o)
                0x00000000000007f0                bitmap_layer_create
 .text.bitmap_layer_get_layer
                0x00000000000007fc        0xc /home/sudheep/pebble-dev/PebbleSDK-2.0-BETA2/Pebble/lib/libpebble.a(tmpIDurlFpebble.o)
                0x00000000000007fc                bitmap_layer_get_layer
 .text.bitmap_layer_set_bitmap
                0x0000000000000808        0xc /home/sudheep/pebble-dev/PebbleSDK-2.0-BETA2/Pebble/lib/libpebble.a(tmpIDurlFpebble.o)
                0x0000000000000808                bitmap_layer_set_bitmap
 .text.clock_is_24h_style
                0x0000000000000814        0xc /home/sudheep/pebble-dev/PebbleSDK-2.0-BETA2/Pebble/lib/libpebble.a(tmpIDurlFpebble.o)
                0x0000000000000814                clock_is_24h_style
 .text.fonts_load_custom_font
                0x0000000000000820        0xc /home/sudheep/pebble-dev/PebbleSDK-2.0-BETA2/Pebble/lib/libpebble.a(tmpIDurlFpebble.o)
                0x0000000000000820                fonts_load_custom_font
 .text.gbitmap_create_with_resource
                0x000000000000082c        0xc /home/sudheep/pebble-dev/PebbleSDK-2.0-BETA2/Pebble/lib/libpebble.a(tmpIDurlFpebble.o)
                0x000000000000082c                gbitmap_create_with_resource
 .text.gbitmap_destroy
                0x0000000000000838        0xc /home/sudheep/pebble-dev/PebbleSDK-2.0-BETA2/Pebble/lib/libpebble.a(tmpIDurlFpebble.o)
                0x0000000000000838                gbitmap_destroy
 .text.graphics_context_set_fill_color
                0x0000000000000844        0xc /home/sudheep/pebble-dev/PebbleSDK-2.0-BETA2/Pebble/lib/libpebble.a(tmpIDurlFpebble.o)
                0x0000000000000844                graphics_context_set_fill_color
 .text.graphics_fill_rect
                0x0000000000000850        0xc /home/sudheep/pebble-dev/PebbleSDK-2.0-BETA2/Pebble/lib/libpebble.a(tmpIDurlFpebble.o)
                0x0000000000000850                graphics_fill_rect
 .text.layer_add_child
                0x000000000000085c        0xc /home/sudheep/pebble-dev/PebbleSDK-2.0-BETA2/Pebble/lib/libpebble.a(tmpIDurlFpebble.o)
                0x000000000000085c                layer_add_child
 .text.layer_create
                0x0000000000000868        0xc /home/sudheep/pebble-dev/PebbleSDK-2.0-BETA2/Pebble/lib/libpebble.a(tmpIDurlFpebble.o)
                0x0000000000000868                layer_create
 .text.layer_get_bounds
                0x0000000000000874        0xc /home/sudheep/pebble-dev/PebbleSDK-2.0-BETA2/Pebble/lib/libpebble.a(tmpIDurlFpebble.o)
                0x0000000000000874                layer_get_bounds
 .text.layer_set_update_proc
                0x0000000000000880        0xc /home/sudheep/pebble-dev/PebbleSDK-2.0-BETA2/Pebble/lib/libpebble.a(tmpIDurlFpebble.o)
                0x0000000000000880                layer_set_update_proc
 .text.localtime
                0x000000000000088c        0xc /home/sudheep/pebble-dev/PebbleSDK-2.0-BETA2/Pebble/lib/libpebble.a(tmpIDurlFpebble.o)
                0x000000000000088c                localtime
 .text.memmove  0x0000000000000898        0xc /home/sudheep/pebble-dev/PebbleSDK-2.0-BETA2/Pebble/lib/libpebble.a(tmpIDurlFpebble.o)
                0x0000000000000898                memmove
 .text.resource_get_handle
                0x00000000000008a4        0xc /home/sudheep/pebble-dev/PebbleSDK-2.0-BETA2/Pebble/lib/libpebble.a(tmpIDurlFpebble.o)
                0x00000000000008a4                resource_get_handle
 .text.snprintf
                0x00000000000008b0        0xc /home/sudheep/pebble-dev/PebbleSDK-2.0-BETA2/Pebble/lib/libpebble.a(tmpIDurlFpebble.o)
                0x00000000000008b0                snprintf
 .text.strftime
                0x00000000000008bc        0xc /home/sudheep/pebble-dev/PebbleSDK-2.0-BETA2/Pebble/lib/libpebble.a(tmpIDurlFpebble.o)
                0x00000000000008bc                strftime
 .text.text_layer_create
                0x00000000000008c8        0xc /home/sudheep/pebble-dev/PebbleSDK-2.0-BETA2/Pebble/lib/libpebble.a(tmpIDurlFpebble.o)
                0x00000000000008c8                text_layer_create
 .text.text_layer_get_layer
                0x00000000000008d4        0xc /home/sudheep/pebble-dev/PebbleSDK-2.0-BETA2/Pebble/lib/libpebble.a(tmpIDurlFpebble.o)
                0x00000000000008d4                text_layer_get_layer
 .text.text_layer_set_background_color
                0x00000000000008e0        0xc /home/sudheep/pebble-dev/PebbleSDK-2.0-BETA2/Pebble/lib/libpebble.a(tmpIDurlFpebble.o)
                0x00000000000008e0                text_layer_set_background_color
 .text.text_layer_set_font
                0x00000000000008ec        0xc /home/sudheep/pebble-dev/PebbleSDK-2.0-BETA2/Pebble/lib/libpebble.a(tmpIDurlFpebble.o)
                0x00000000000008ec                text_layer_set_font
 .text.text_layer_set_text
                0x00000000000008f8        0xc /home/sudheep/pebble-dev/PebbleSDK-2.0-BETA2/Pebble/lib/libpebble.a(tmpIDurlFpebble.o)
                0x00000000000008f8                text_layer_set_text
 .text.text_layer_set_text_color
                0x0000000000000904        0xc /home/sudheep/pebble-dev/PebbleSDK-2.0-BETA2/Pebble/lib/libpebble.a(tmpIDurlFpebble.o)
                0x0000000000000904                text_layer_set_text_color
 .text.tick_timer_service_subscribe
                0x0000000000000910        0xc /home/sudheep/pebble-dev/PebbleSDK-2.0-BETA2/Pebble/lib/libpebble.a(tmpIDurlFpebble.o)
                0x0000000000000910                tick_timer_service_subscribe
 .text.tick_timer_service_unsubscribe
                0x000000000000091c        0xc /home/sudheep/pebble-dev/PebbleSDK-2.0-BETA2/Pebble/lib/libpebble.a(tmpIDurlFpebble.o)
                0x000000000000091c                tick_timer_service_unsubscribe
 .text.time     0x0000000000000928        0xc /home/sudheep/pebble-dev/PebbleSDK-2.0-BETA2/Pebble/lib/libpebble.a(tmpIDurlFpebble.o)
                0x0000000000000928                time
 .text.window_create
                0x0000000000000934        0xc /home/sudheep/pebble-dev/PebbleSDK-2.0-BETA2/Pebble/lib/libpebble.a(tmpIDurlFpebble.o)
                0x0000000000000934                window_create
 .text.window_get_root_layer
                0x0000000000000940        0xc /home/sudheep/pebble-dev/PebbleSDK-2.0-BETA2/Pebble/lib/libpebble.a(tmpIDurlFpebble.o)
                0x0000000000000940                window_get_root_layer
 .text.window_set_background_color
                0x000000000000094c        0xc /home/sudheep/pebble-dev/PebbleSDK-2.0-BETA2/Pebble/lib/libpebble.a(tmpIDurlFpebble.o)
                0x000000000000094c                window_set_background_color
 .text.window_stack_push
                0x0000000000000958        0xc /home/sudheep/pebble-dev/PebbleSDK-2.0-BETA2/Pebble/lib/libpebble.a(tmpIDurlFpebble.o)
                0x0000000000000958                window_stack_push
 *(.rodata)
 .rodata        0x0000000000000964       0x40 src/watch_1.c.29.o
 *(.rodata*)
 .rodata.WEEK_ICONS
                0x00000000000009a4       0x1c src/watch_1.c.29.o
 .rodata.MONTH_ICONS
                0x00000000000009c0       0x30 src/watch_1.c.29.o
 .rodata.str1.1
                0x00000000000009f0       0x20 src/watch_1.c.29.o

.glue_7         0x0000000000000a10        0x0
 .glue_7        0x0000000000000000        0x0 linker stubs

.glue_7t        0x0000000000000a10        0x0
 .glue_7t       0x0000000000000000        0x0 linker stubs

.vfp11_veneer   0x0000000000000a10        0x0
 .vfp11_veneer  0x0000000000000000        0x0 linker stubs

.v4_bx          0x0000000000000a10        0x0
 .v4_bx         0x0000000000000000        0x0 linker stubs

.iplt           0x0000000000000a10        0x0
 .iplt          0x0000000000000000        0x0 /home/sudheep/pebble-dev/PebbleSDK-2.0-BETA2/arm-cs-tools/bin/../lib/gcc/arm-none-eabi/4.7.2/thumb2/crtbegin.o

.rel.dyn        0x0000000000000a10        0x0
 .rel.iplt      0x0000000000000000        0x0 /home/sudheep/pebble-dev/PebbleSDK-2.0-BETA2/arm-cs-tools/bin/../lib/gcc/arm-none-eabi/4.7.2/thumb2/crtbegin.o
 .rel.got       0x0000000000000000        0x0 /home/sudheep/pebble-dev/PebbleSDK-2.0-BETA2/arm-cs-tools/bin/../lib/gcc/arm-none-eabi/4.7.2/thumb2/crtbegin.o

.data           0x0000000000000a10       0x2c
 *(.data)
 .data          0x0000000000000a10        0x0 /home/sudheep/pebble-dev/PebbleSDK-2.0-BETA2/arm-cs-tools/bin/../lib/gcc/arm-none-eabi/4.7.2/thumb2/crti.o
 .data          0x0000000000000a10        0x4 /home/sudheep/pebble-dev/PebbleSDK-2.0-BETA2/arm-cs-tools/bin/../lib/gcc/arm-none-eabi/4.7.2/thumb2/crtbegin.o
                0x0000000000000a10                __dso_handle
 .data          0x0000000000000a14        0x0 src/watch_1.c.29.o
 .data          0x0000000000000a14        0x0 appinfo.auto.c.29.o
 .data          0x0000000000000a14        0x0 /home/sudheep/pebble-dev/PebbleSDK-2.0-BETA2/Pebble/lib/libpebble.a(tmpIDurlFpebble.o)
 .data          0x0000000000000a14        0x0 /home/sudheep/pebble-dev/PebbleSDK-2.0-BETA2/arm-cs-tools/bin/../lib/gcc/arm-none-eabi/4.7.2/thumb2/libgcc.a(_arm_addsubsf3.o)
 .data          0x0000000000000a14        0x0 /home/sudheep/pebble-dev/PebbleSDK-2.0-BETA2/arm-cs-tools/bin/../lib/gcc/arm-none-eabi/4.7.2/thumb2/libgcc.a(_arm_cmpsf2.o)
 .data          0x0000000000000a14        0x0 /home/sudheep/pebble-dev/PebbleSDK-2.0-BETA2/arm-cs-tools/bin/../lib/gcc/arm-none-eabi/4.7.2/thumb2/crtend.o
 .data          0x0000000000000a14        0x0 /home/sudheep/pebble-dev/PebbleSDK-2.0-BETA2/arm-cs-tools/bin/../lib/gcc/arm-none-eabi/4.7.2/thumb2/crtn.o
 *(.data.*)
 .data.time_text.6422
                0x0000000000000a14        0x6 src/watch_1.c.29.o
 .data.date_text.6424
                0x0000000000000a1a        0xf src/watch_1.c.29.o
 .data.mldate_text.6425
                0x0000000000000a29        0x8 src/watch_1.c.29.o
 .data.week_text.6423
                0x0000000000000a31        0xb src/watch_1.c.29.o

.igot.plt       0x0000000000000a3c        0x0
 .igot.plt      0x0000000000000000        0x0 /home/sudheep/pebble-dev/PebbleSDK-2.0-BETA2/arm-cs-tools/bin/../lib/gcc/arm-none-eabi/4.7.2/thumb2/crtbegin.o

.got            0x0000000000000a3c       0x1c
 .got           0x0000000000000a3c       0x1c /home/sudheep/pebble-dev/PebbleSDK-2.0-BETA2/arm-cs-tools/bin/../lib/gcc/arm-none-eabi/4.7.2/thumb2/crtbegin.o

.got.plt        0x0000000000000a58        0xc
 .got.plt       0x0000000000000a58        0xc /home/sudheep/pebble-dev/PebbleSDK-2.0-BETA2/arm-cs-tools/bin/../lib/gcc/arm-none-eabi/4.7.2/thumb2/crtbegin.o
                0x0000000000000a58                _GLOBAL_OFFSET_TABLE_

.bss            0x0000000000000a64       0x2c
 *(.bss)
 *(.bss.*)
 .bss.icon_layer
                0x0000000000000a64        0x4 src/watch_1.c.29.o
 .bss.icon_layer1
                0x0000000000000a68        0x4 src/watch_1.c.29.o
 .bss.icon_bitmap
                0x0000000000000a6c        0x4 src/watch_1.c.29.o
 .bss.icon_bitmap1
                0x0000000000000a70        0x4 src/watch_1.c.29.o
 COMMON         0x0000000000000a74       0x1c src/watch_1.c.29.o
                0x0000000000000a74                line_layer1
                0x0000000000000a78                text_mldate_layer
                0x0000000000000a7c                text_time_layer
                0x0000000000000a80                text_date_layer
                0x0000000000000a84                text_week_layer
                0x0000000000000a88                window
                0x0000000000000a8c                line_layer

DISCARD
 libc.a(*)
 libm.a(*)
 libgcc.a(*)
 *(.eh_frame)
OUTPUT(/home/sudheep/pebble-dev/pebble/sud_watch_1/build/pebble-app.elf elf32-littlearm)

.ARM.attributes
                0x0000000000000000       0x27
 .ARM.attributes
                0x0000000000000000       0x19 /home/sudheep/pebble-dev/PebbleSDK-2.0-BETA2/arm-cs-tools/bin/../lib/gcc/arm-none-eabi/4.7.2/thumb2/crti.o
 .ARM.attributes
                0x0000000000000019       0x29 /home/sudheep/pebble-dev/PebbleSDK-2.0-BETA2/arm-cs-tools/bin/../lib/gcc/arm-none-eabi/4.7.2/thumb2/crtbegin.o
 .ARM.attributes
                0x0000000000000042       0x33 src/watch_1.c.29.o
 .ARM.attributes
                0x0000000000000075       0x33 appinfo.auto.c.29.o
 .ARM.attributes
                0x00000000000000a8       0x21 /home/sudheep/pebble-dev/PebbleSDK-2.0-BETA2/Pebble/lib/libpebble.a(tmpIDurlFpebble.o)
 .ARM.attributes
                0x00000000000000c9       0x19 /home/sudheep/pebble-dev/PebbleSDK-2.0-BETA2/arm-cs-tools/bin/../lib/gcc/arm-none-eabi/4.7.2/thumb2/libgcc.a(_arm_addsubsf3.o)
 .ARM.attributes
                0x00000000000000e2       0x19 /home/sudheep/pebble-dev/PebbleSDK-2.0-BETA2/arm-cs-tools/bin/../lib/gcc/arm-none-eabi/4.7.2/thumb2/libgcc.a(_arm_cmpsf2.o)
 .ARM.attributes
                0x00000000000000fb       0x29 /home/sudheep/pebble-dev/PebbleSDK-2.0-BETA2/arm-cs-tools/bin/../lib/gcc/arm-none-eabi/4.7.2/thumb2/crtend.o
 .ARM.attributes
                0x0000000000000124       0x19 /home/sudheep/pebble-dev/PebbleSDK-2.0-BETA2/arm-cs-tools/bin/../lib/gcc/arm-none-eabi/4.7.2/thumb2/crtn.o

.comment        0x0000000000000000       0x4e
 .comment       0x0000000000000000       0x4e /home/sudheep/pebble-dev/PebbleSDK-2.0-BETA2/arm-cs-tools/bin/../lib/gcc/arm-none-eabi/4.7.2/thumb2/crtbegin.o
                                         0x4f (size before relaxing)
 .comment       0x0000000000000000       0x4f src/watch_1.c.29.o
 .comment       0x0000000000000000       0x4f appinfo.auto.c.29.o
 .comment       0x0000000000000000       0x4f /home/sudheep/pebble-dev/PebbleSDK-2.0-BETA2/arm-cs-tools/bin/../lib/gcc/arm-none-eabi/4.7.2/thumb2/crtend.o

.debug_info     0x0000000000000000     0x15a3
 .debug_info    0x0000000000000000     0x1068 src/watch_1.c.29.o
 .debug_info    0x0000000000001068      0x3cd appinfo.auto.c.29.o
 .debug_info    0x0000000000001435       0xb7 /home/sudheep/pebble-dev/PebbleSDK-2.0-BETA2/arm-cs-tools/bin/../lib/gcc/arm-none-eabi/4.7.2/thumb2/libgcc.a(_arm_addsubsf3.o)
 .debug_info    0x00000000000014ec       0xb7 /home/sudheep/pebble-dev/PebbleSDK-2.0-BETA2/arm-cs-tools/bin/../lib/gcc/arm-none-eabi/4.7.2/thumb2/libgcc.a(_arm_cmpsf2.o)

.debug_abbrev   0x0000000000000000      0x3c7
 .debug_abbrev  0x0000000000000000      0x2f4 src/watch_1.c.29.o
 .debug_abbrev  0x00000000000002f4       0xab appinfo.auto.c.29.o
 .debug_abbrev  0x000000000000039f       0x14 /home/sudheep/pebble-dev/PebbleSDK-2.0-BETA2/arm-cs-tools/bin/../lib/gcc/arm-none-eabi/4.7.2/thumb2/libgcc.a(_arm_addsubsf3.o)
 .debug_abbrev  0x00000000000003b3       0x14 /home/sudheep/pebble-dev/PebbleSDK-2.0-BETA2/arm-cs-tools/bin/../lib/gcc/arm-none-eabi/4.7.2/thumb2/libgcc.a(_arm_cmpsf2.o)

.debug_loc      0x0000000000000000      0x243
 .debug_loc     0x0000000000000000      0x243 src/watch_1.c.29.o

.debug_aranges  0x0000000000000000       0x98
 .debug_aranges
                0x0000000000000000       0x40 src/watch_1.c.29.o
 .debug_aranges
                0x0000000000000040       0x18 appinfo.auto.c.29.o
 .debug_aranges
                0x0000000000000058       0x20 /home/sudheep/pebble-dev/PebbleSDK-2.0-BETA2/arm-cs-tools/bin/../lib/gcc/arm-none-eabi/4.7.2/thumb2/libgcc.a(_arm_addsubsf3.o)
 .debug_aranges
                0x0000000000000078       0x20 /home/sudheep/pebble-dev/PebbleSDK-2.0-BETA2/arm-cs-tools/bin/../lib/gcc/arm-none-eabi/4.7.2/thumb2/libgcc.a(_arm_cmpsf2.o)

.debug_ranges   0x0000000000000000       0x30
 .debug_ranges  0x0000000000000000       0x30 src/watch_1.c.29.o

.debug_line     0x0000000000000000      0x617
 .debug_line    0x0000000000000000      0x2c9 src/watch_1.c.29.o
 .debug_line    0x00000000000002c9      0x126 appinfo.auto.c.29.o
 .debug_line    0x00000000000003ef      0x128 /home/sudheep/pebble-dev/PebbleSDK-2.0-BETA2/arm-cs-tools/bin/../lib/gcc/arm-none-eabi/4.7.2/thumb2/libgcc.a(_arm_addsubsf3.o)
 .debug_line    0x0000000000000517      0x100 /home/sudheep/pebble-dev/PebbleSDK-2.0-BETA2/arm-cs-tools/bin/../lib/gcc/arm-none-eabi/4.7.2/thumb2/libgcc.a(_arm_cmpsf2.o)

.debug_str      0x0000000000000000      0xa75
 .debug_str     0x0000000000000000      0x89d src/watch_1.c.29.o
                                        0x927 (size before relaxing)
 .debug_str     0x000000000000089d      0x1d8 appinfo.auto.c.29.o
                                        0x48c (size before relaxing)

.debug_frame    0x0000000000000000       0xa4
 .debug_frame   0x0000000000000000       0xa4 src/watch_1.c.29.o
